// Jest Snapshot v1, https://goo.gl/fbAQLP

exports[`<CoursesContainer> when component mount should call and list courses 1`] = `
<div
  className="courses-block"
>
  <div
    className="search"
  >
    <div
      className="search__input"
    >
      <input
        className="form-control"
        placeholder="Informe o nome do curso que deseja encontrar"
      />
    </div>
    <div
      className="search__filters"
    >
      <div
        className="search__radio-label"
      >
        <input
          id="ipt1"
          name="filter"
          type="radio"
        />
        <label
          htmlFor="ipt1"
        >
          Todos
        </label>
      </div>
      <div
        className="search__radio-label"
      >
        <input
          id="ipt2"
          name="filter"
          type="radio"
        />
        <label
          htmlFor="ipt2"
        >
          Geral
        </label>
      </div>
      <div
        className="search__radio-label"
      >
        <input
          id="ipt3"
          name="filter"
          type="radio"
        />
        <label
          htmlFor="ipt3"
        >
          Especifico
        </label>
      </div>
      <i
        className="icon-bank"
      />
    </div>
  </div>
  <div
    className="courses"
  >
    <h2
      className="title courses__title"
    >
      Materias Personalizadas sem faculdade
    </h2>
    <ul
      className="courses__list"
    >
      <li
        className="courses__list-item"
      >
        <div
          className="course"
        >
          <div
            className="course__header course__header--generic"
          >
            <h3>
              Física II
            </h3>
          </div>
          <div
            className="course__footer"
          >
            <div
              className="course__highlight"
            >
              Novo!
            </div>
          </div>
        </div>
      </li>
      <li
        className="courses__list-item"
      >
        <div
          className="course"
        >
          <div
            className="course__header course__header--generic"
          >
            <h3>
              Cálculo IV
            </h3>
          </div>
          <div
            className="course__footer"
          >
            <div
              className="course__highlight"
            />
          </div>
        </div>
      </li>
      <li
        className="courses__list-item"
      >
        <div
          className="course"
        >
          <div
            className="course__header course__header--generic"
          >
            <h3>
              Física IV
            </h3>
          </div>
          <div
            className="course__footer"
          >
            <div
              className="course__highlight"
            />
          </div>
        </div>
      </li>
      <li
        className="courses__list-item"
      >
        <div
          className="course"
        >
          <div
            className="course__header course__header--generic"
          >
            <h3>
              Álgebra Linear II
            </h3>
          </div>
          <div
            className="course__footer"
          >
            <div
              className="course__highlight"
            >
              Novo!
            </div>
          </div>
        </div>
      </li>
      <li
        className="courses__list-item"
      >
        <div
          className="course"
        >
          <div
            className="course__header course__header--generic"
          >
            <h3>
              Eletricidade Geral
            </h3>
          </div>
          <div
            className="course__footer"
          >
            <div
              className="course__highlight"
            >
              Novo!
            </div>
          </div>
        </div>
      </li>
      <li
        className="courses__list-item"
      >
        <div
          className="course"
        >
          <div
            className="course__header course__header--generic"
          >
            <h3>
              Cálculo II
            </h3>
          </div>
          <div
            className="course__footer"
          >
            <div
              className="course__highlight"
            />
          </div>
        </div>
      </li>
      <li
        className="courses__list-item"
      >
        <div
          className="course"
        >
          <div
            className="course__header course__header--generic"
          >
            <h3>
              Estatística
            </h3>
          </div>
          <div
            className="course__footer"
          >
            <div
              className="course__highlight"
            />
          </div>
        </div>
      </li>
      <li
        className="courses__list-item"
      >
        <div
          className="course"
        >
          <div
            className="course__header course__header--generic"
          >
            <h3>
              Cálculo III
            </h3>
          </div>
          <div
            className="course__footer"
          >
            <div
              className="course__highlight"
            >
              Novo!
            </div>
          </div>
        </div>
      </li>
      <li
        className="courses__list-item"
      >
        <div
          className="course"
        >
          <div
            className="course__header course__header--generic"
          >
            <h3>
              Física III
            </h3>
          </div>
          <div
            className="course__footer"
          >
            <div
              className="course__highlight"
            >
              Novo!
            </div>
          </div>
        </div>
      </li>
      <li
        className="courses__list-item"
      >
        <div
          className="course"
        >
          <div
            className="course__header course__header--generic"
          >
            <h3>
              Física I
            </h3>
          </div>
          <div
            className="course__footer"
          >
            <div
              className="course__highlight"
            >
              Novo!
            </div>
          </div>
        </div>
      </li>
      <li
        className="courses__list-item"
      >
        <div
          className="course"
        >
          <div
            className="course__header course__header--generic"
          >
            <h3>
              Álgebra Linear I
            </h3>
          </div>
          <div
            className="course__footer"
          >
            <div
              className="course__highlight"
            >
              Novo!
            </div>
          </div>
        </div>
      </li>
    </ul>
  </div>
  <div
    className="courses"
  >
    <h2
      className="title courses__title"
    >
      Materias Gerais
    </h2>
    <ul
      className="courses__list"
    >
      <li
        className="courses__list-item"
      >
        <div
          className="course"
        >
          <div
            className="course__header"
          >
            <h3>
              Probabilidade
            </h3>
          </div>
          <div
            className="course__footer"
          >
            <div
              className="course__highlight"
            />
          </div>
        </div>
      </li>
      <li
        className="courses__list-item"
      >
        <div
          className="course"
        >
          <div
            className="course__header"
          >
            <h3>
              Mecânica I
            </h3>
          </div>
          <div
            className="course__footer"
          >
            <div
              className="course__highlight"
            >
              Novo!
            </div>
          </div>
        </div>
      </li>
      <li
        className="courses__list-item"
      >
        <div
          className="course"
        >
          <div
            className="course__header"
          >
            <h3>
              Programação em Python
            </h3>
          </div>
          <div
            className="course__footer"
          >
            <div
              className="course__highlight"
            />
          </div>
        </div>
      </li>
      <li
        className="courses__list-item"
      >
        <div
          className="course"
        >
          <div
            className="course__header"
          >
            <h3>
              Cálculo Numérico
            </h3>
          </div>
          <div
            className="course__footer"
          >
            <div
              className="course__highlight"
            />
          </div>
        </div>
      </li>
    </ul>
  </div>
</div>
`;
