// Jest Snapshot v1, https://goo.gl/fbAQLP

exports[`<CoursesContainer> when component mount should call and list courses 1`] = `
<div
  className="courses-block"
>
  <div
    className="search"
  >
    <div
      className="search__input"
    >
      <input
        className="form-control"
        placeholder="Informe o nome do curso que deseja encontrar"
      />
    </div>
    <div
      className="search__filters"
    >
      <div
        className="search__radio-label"
      >
        <input
          id="ipt1"
          name="filter"
          type="radio"
        />
        <label
          htmlFor="ipt1"
        >
          Todos
        </label>
      </div>
      <div
        className="search__radio-label"
      >
        <input
          id="ipt2"
          name="filter"
          type="radio"
        />
        <label
          htmlFor="ipt2"
        >
          Geral
        </label>
      </div>
      <div
        className="search__radio-label"
      >
        <input
          id="ipt3"
          name="filter"
          type="radio"
        />
        <label
          htmlFor="ipt3"
        >
          Especifico
        </label>
      </div>
      <i
        className="icon-bank"
      />
    </div>
  </div>
  <div
    className="courses"
  >
    <h2
      className="title courses__title"
    >
      Materias Personalizadas sem faculdade
    </h2>
    <ul
      className="courses__list"
    />
  </div>
  <div
    className="courses"
  >
    <h2
      className="title courses__title"
    >
      Materias Gerais
    </h2>
    <ul
      className="courses__list"
    />
  </div>
</div>
`;
